content      room      a    v      N   chan    dT   err  r_c   Pfoc   Pvis   P_IR  P_vis  fails  [occluded: dT]
sketch       quiet   1.0  0.5   1053   4211   115   3.5   11    5.3   0.29    3.6   0.31  OK  [220]
sketch       quiet   1.0  1.0    526   2105   197   3.8   11   11.6   0.69    4.0   0.36  OK  [369 heat]
sketch       quiet   1.0  2.0    263   1053   343   4.5   13   30.9   1.89    5.2   0.50  heat  [638 heat]
sketch       quiet   1.0  3.0    175    702   476   5.1   15   61.1   3.69    6.9   0.65  heat,vis_curtain  [892 heat]
sketch       quiet   1.0  5.0    105    421   726   6.4   19  165.3   9.62   11.2   1.01  heat,vis_curtain  [1395 heat]
sketch       quiet   1.5  0.5   1053   4211   147   3.5   11    4.9   0.13    3.3   0.14  OK  [274]
sketch       quiet   1.5  1.0    526   2105   246   3.8   11   10.7   0.31    3.6   0.16  OK  [449 heat]
sketch       quiet   1.5  2.0    263   1053   418   4.5   13   28.2   0.84    4.8   0.22  heat  [753 heat]
sketch       quiet   1.5  3.0    175    702   571   5.1   15   55.5   1.64    6.3   0.29  heat  [1033 heat]
sketch       quiet   1.5  5.0    105    421   851   6.4   19  149.1   4.28   10.1   0.45  heat,vis_curtain  [1569 heat]
sketch       quiet   2.5  0.5   1053   4211   205   3.5   11    4.5   0.05    3.1   0.05  OK  [370 heat]
sketch       quiet   2.5  1.0    526   2105   335   3.8   11    9.8   0.11    3.3   0.06  heat  [589 heat]
sketch       quiet   2.5  2.0    263   1053   551   4.5   13   25.9   0.30    4.4   0.08  heat  [960 heat]
sketch       quiet   2.5  3.0    175    702   740   5.1   15   50.9   0.59    5.8   0.10  heat  [1291 heat]
sketch       quiet   2.5  5.0    105    421  1078   6.4   19  136.4   1.54    9.3   0.16  heat  [1900 heat]
sketch       calm    1.0  0.5   1053   4211   124   5.1   15   12.1   0.62    8.2   0.65  OK  [236]
sketch       calm    1.0  1.0    526   2105   205   5.4   16   24.5   1.39    8.3   0.73  OK  [384 heat]
sketch       calm    1.0  2.0    263   1053   350   6.0   18   58.4   3.47    9.9   0.91  heat  [651 heat]
sketch       calm    1.0  3.0    175    702   482   6.7   20  107.1   6.36   12.1   1.12  heat,vis_curtain  [904 heat]
sketch       calm    1.0  5.0    105    421   732   8.0   24  261.2  15.03   17.7   1.58  heat,vis_curtain  [1408 heat]
sketch       calm    1.5  0.5   1053   4211   158   5.1   15   11.1   0.27    7.6   0.29  OK  [293 heat]
sketch       calm    1.5  1.0    526   2105   255   5.4   16   22.4   0.62    7.6   0.33  OK  [465 heat]
sketch       calm    1.5  2.0    263   1053   426   6.0   18   53.2   1.54    9.0   0.41  heat  [768 heat]
sketch       calm    1.5  3.0    175    702   578   6.7   20   97.2   2.83   11.0   0.50  heat  [1047 heat]
sketch       calm    1.5  5.0    105    421   858   8.0   24  235.5   6.68   16.0   0.70  heat,vis_curtain  [1582 heat]
sketch       calm    2.5  0.5   1053   4211   219   5.1   15   10.3   0.10    7.0   0.10  OK  [394 heat]
sketch       calm    2.5  1.0    526   2105   346   5.4   16   20.6   0.22    7.0   0.12  heat  [610 heat]
sketch       calm    2.5  2.0    263   1053   561   6.0   18   48.9   0.56    8.3   0.15  heat  [978 heat]
sketch       calm    2.5  3.0    175    702   749   6.7   20   89.2   1.02   10.1   0.18  heat  [1307 heat]
sketch       calm    2.5  5.0    105    421  1086   8.0   24  215.4   2.40   14.6   0.25  heat  [1915 heat]
sketch       normal  1.0  0.5   1053   4211   149   9.9   30   56.2   2.31   38.2   2.43  OK  [282 heat]
sketch       normal  1.0  1.0    526   2105   228  10.2   31   98.3   4.92   33.3   2.59  vis_curtain  [425 heat]
sketch       normal  1.0  2.0    263   1053   370  10.8   32  200.8  11.12   34.1   2.93  heat,vis_curtain  [689 heat]
sketch       normal  1.0  3.0    175    702   502  11.5   34  331.1  18.70   37.5   3.28  heat,vis_curtain  [942 heat]
sketch       normal  1.0  5.0    105    421   750  12.7   38  690.8  38.48   46.9   4.05  heat,trap_curtain_threshold,vis_curtain  [1446 heat]
sketch       normal  1.5  0.5   1053   4211   188   9.9   30   51.5   1.03   35.0   1.08  OK  [347 heat]
sketch       normal  1.5  1.0    526   2105   283  10.2   31   89.8   2.19   30.5   1.15  heat  [513 heat]
sketch       normal  1.5  2.0    263   1053   449  10.8   32  182.7   4.94   31.0   1.30  heat,vis_curtain  [810 heat]
sketch       normal  1.5  3.0    175    702   600  11.5   34  300.2   8.31   34.0   1.46  heat,vis_curtain  [1088 heat]
sketch       normal  1.5  5.0    105    421   878  12.7   38  622.6  17.10   42.3   1.80  heat,trap_curtain_threshold,vis_curtain  [1622 heat]
sketch       normal  2.5  0.5   1053   4211   260   9.9   30   47.6   0.37   32.3   0.39  OK  [462 heat]
sketch       normal  2.5  1.0    526   2105   381  10.2   31   82.7   0.79   28.1   0.41  heat  [669 heat]
sketch       normal  2.5  2.0    263   1053   590  10.8   32  167.9   1.78   28.5   0.47  heat  [1029 heat]
sketch       normal  2.5  3.0    175    702   776  11.5   34  275.5   2.99   31.2   0.52  heat  [1355 heat]
sketch       normal  2.5  5.0    105    421  1110  12.7   38  569.3   6.16   38.6   0.65  heat,trap_curtain_threshold,vis_curtain  [1959 heat]
film_density quiet   1.0  0.5   4337  17349   115   3.5   11    5.3   0.39   14.8   1.68  OK  [220]
film_density quiet   1.0  1.0   2169   8675   197   3.8   11   11.6   0.92   16.3   2.00  OK  [369 heat]
film_density quiet   1.0  2.0   1084   4337   343   4.5   13   30.9   2.51   21.6   2.73  heat  [638 heat]
film_density quiet   1.0  3.0    723   2892   476   5.1   15   61.1   4.92   28.5   3.56  heat,vis_curtain  [892 heat]
film_density quiet   1.0  5.0    434   1735   726   6.4   19  165.3  12.83   46.2   5.56  heat,vis_curtain  [1395 heat]
film_density quiet   1.5  0.5   4337  17349   147   3.5   11    4.9   0.17   13.6   0.75  OK  [274]
film_density quiet   1.5  1.0   2169   8675   246   3.8   11   10.7   0.41   14.9   0.89  OK  [449 heat]
film_density quiet   1.5  2.0   1084   4337   418   4.5   13   28.2   1.12   19.7   1.21  heat  [753 heat]
film_density quiet   1.5  3.0    723   2892   571   5.1   15   55.5   2.19   25.9   1.58  heat  [1033 heat]
film_density quiet   1.5  5.0    434   1735   851   6.4   19  149.1   5.70   41.7   2.47  heat,vis_curtain  [1569 heat]
film_density quiet   2.5  0.5   4337  17349   205   3.5   11    4.5   0.06   12.6   0.27  OK  [370 heat]
film_density quiet   2.5  1.0   2169   8675   335   3.8   11    9.8   0.15   13.7   0.32  heat  [589 heat]
film_density quiet   2.5  2.0   1084   4337   551   4.5   13   25.9   0.40   18.1   0.44  heat  [960 heat]
film_density quiet   2.5  3.0    723   2892   740   5.1   15   50.9   0.79   23.7   0.57  heat  [1291 heat]
film_density quiet   2.5  5.0    434   1735  1078   6.4   19  136.4   2.05   38.1   0.89  heat  [1900 heat]
film_density calm    1.0  0.5   4337  17349   124   5.1   15   12.1   0.82   34.0   3.56  OK  [236]
film_density calm    1.0  1.0   2169   8675   205   5.4   16   24.5   1.85   34.2   4.02  OK  [384 heat]
film_density calm    1.0  2.0   1084   4337   350   6.0   18   58.4   4.63   40.8   5.02  heat,vis_curtain  [651 heat]
film_density calm    1.0  3.0    723   2892   482   6.7   20  107.1   8.48   49.9   6.13  heat,vis_curtain  [904 heat]
film_density calm    1.0  5.0    434   1735   732   8.0   24  261.2  20.04   73.1   8.69  heat,vis_curtain  [1408 heat]
film_density calm    1.5  0.5   4337  17349   158   5.1   15   11.1   0.36   31.2   1.58  OK  [293 heat]
film_density calm    1.5  1.0   2169   8675   255   5.4   16   22.4   0.82   31.3   1.79  OK  [465 heat]
film_density calm    1.5  2.0   1084   4337   426   6.0   18   53.2   2.06   37.2   2.23  heat  [768 heat]
film_density calm    1.5  3.0    723   2892   578   6.7   20   97.2   3.77   45.3   2.73  heat,vis_curtain  [1047 heat]
film_density calm    1.5  5.0    434   1735   858   8.0   24  235.5   8.91   65.9   3.86  heat,vis_curtain  [1582 heat]
film_density calm    2.5  0.5   4337  17349   219   5.1   15   10.3   0.13   28.8   0.57  OK  [394 heat]
film_density calm    2.5  1.0   2169   8675   346   5.4   16   20.6   0.30   28.8   0.64  heat  [610 heat]
film_density calm    2.5  2.0   1084   4337   561   6.0   18   48.9   0.74   34.2   0.80  heat  [978 heat]
film_density calm    2.5  3.0    723   2892   749   6.7   20   89.2   1.36   41.6   0.98  heat  [1307 heat]
film_density calm    2.5  5.0    434   1735  1086   8.0   24  215.4   3.21   60.3   1.39  heat  [1915 heat]
film_density normal  1.0  0.5   4337  17349   149   9.9   30   56.2   3.08  157.2  13.36  wall_light  [282 heat]
film_density normal  1.0  1.0   2169   8675   228  10.2   31   98.3   6.57  137.4  14.24  vis_curtain,wall_light  [425 heat]
film_density normal  1.0  2.0   1084   4337   370  10.8   32  200.8  14.83  140.4  16.08  heat,vis_curtain,vis_exit_window,wall_light  [689 heat]
film_density normal  1.0  3.0    723   2892   502  11.5   34  331.1  24.93  154.3  18.02  heat,vis_curtain,vis_exit_window,wall_light  [942 heat]
film_density normal  1.0  5.0    434   1735   750  12.7   38  690.8  51.30  193.2  22.25  heat,trap_curtain_threshold,vis_curtain,vis_exit_window,wall_light  [1446 heat]
film_density normal  1.5  0.5   4337  17349   188   9.9   30   51.5   1.37  144.2   5.94  OK  [347 heat]
film_density normal  1.5  1.0   2169   8675   283  10.2   31   89.8   2.92  125.6   6.33  heat  [513 heat]
film_density normal  1.5  2.0   1084   4337   449  10.8   32  182.7   6.59  127.7   7.15  heat,vis_curtain  [810 heat]
film_density normal  1.5  3.0    723   2892   600  11.5   34  300.2  11.08  139.9   8.01  heat,vis_curtain  [1088 heat]
film_density normal  1.5  5.0    434   1735   878  12.7   38  622.6  22.80  174.1   9.89  heat,trap_curtain_threshold,vis_curtain,wall_light  [1622 heat]
film_density normal  2.5  0.5   4337  17349   260   9.9   30   47.6   0.49  133.2   2.14  OK  [462 heat]
film_density normal  2.5  1.0   2169   8675   381  10.2   31   82.7   1.05  115.7   2.28  heat  [669 heat]
film_density normal  2.5  2.0   1084   4337   590  10.8   32  167.9   2.37  117.4   2.57  heat  [1029 heat]
film_density normal  2.5  3.0    723   2892   776  11.5   34  275.5   3.99  128.4   2.88  heat,vis_curtain  [1355 heat]
film_density normal  2.5  5.0    434   1735  1110  12.7   38  569.3   8.21  159.2   3.56  heat,trap_curtain_threshold,vis_curtain  [1959 heat]
