content      room            v f_r  s1     N   chan  Thot    w   E/L  pupil  Epass  Pfoc  stall  P_IR     Pv  P_vis  vis_p   Dth  Rap  fails
sketch       still         0.5  30 3.0   526   3158   433   34  29.0  10.00  0.101  15.9    495   4.4   17.1  0.015   43.1  23.6   11  OK
sketch       still         0.8  30 3.0   329   1974   489   35  30.0  10.00  0.105  25.4    309   4.4   28.2  0.015   44.4  23.3   11  OK
sketch       still         1.0  30 3.0   263   1579   525   35  30.3  10.00  0.106  31.8    247   4.4   35.6  0.015   44.8  23.2   11  OK
sketch       still         0.5  60 3.0  1053   6316   433   24  14.4  10.00  0.050   7.9    996   4.4    4.3  0.007   21.6  33.5   11  diffraction
sketch       still         0.8  60 3.0   658   3947   489   25  14.9  10.00  0.052  12.6    622   4.4    7.0  0.008   22.2  33.0   11  diffraction
sketch       still         1.0  60 3.0   526   3158   525   25  15.1  10.00  0.053  15.8    498   4.4    8.8  0.008   22.4  32.9   11  diffraction
sketch       home          0.5  30 3.0   526   3158   443   34  28.0  10.00  0.098  15.9    495   4.4   16.5  0.014   41.6  24.0   11  OK
sketch       home          0.8  30 3.0   329   1974   498   34  29.3  10.00  0.102  25.4    309   4.4   27.6  0.015   43.4  23.5   11  OK
sketch       home          1.0  30 3.0   263   1579   534   35  29.8  10.00  0.104  31.8    247   4.4   34.9  0.015   44.0  23.4   11  OK
sketch       home          0.5  60 3.0  1053   6316   443   24  13.9  10.00  0.049   7.9    996   4.4    4.1  0.007   20.8  34.1   11  diffraction
sketch       home          0.8  60 3.0   658   3947   498   24  14.5  10.00  0.051  12.6    622   4.4    6.9  0.007   21.7  33.4   11  diffraction
sketch       home          1.0  60 3.0   526   3158   534   24  14.8  10.00  0.052  15.8    498   4.4    8.7  0.007   22.0  33.2   11  diffraction
sketch       quiet_office  0.5  30 3.0   526   3158   452   33  26.1  10.00  0.091  15.9    495   4.4   15.4  0.013   38.8  24.9   11  OK
sketch       quiet_office  0.8  30 3.0   329   1974   507   34  27.9  10.00  0.098  25.4    309   4.4   26.3  0.014   41.5  24.1   11  OK
sketch       quiet_office  1.0  30 3.0   263   1579   542   34  28.6  10.00  0.100  31.8    247   4.4   33.6  0.014   42.4  23.8   11  OK
sketch       quiet_office  0.5  60 3.0  1053   6316   452   23  12.9  10.00  0.045   7.9    997   4.4    3.8  0.007   19.4  35.4   11  diffraction
sketch       quiet_office  0.8  60 3.0   658   3947   507   24  13.9  10.00  0.049  12.6    622   4.4    6.5  0.007   20.7  34.2   11  diffraction
sketch       quiet_office  1.0  60 3.0   526   3158   542   24  14.2  10.00  0.050  15.8    498   4.4    8.4  0.007   21.2  33.8   11  diffraction
sketch       office        0.5  30 3.0   526   3158   521   31  23.1  10.00  0.081  15.9    495   4.4   13.7  0.012   34.5  26.4   11  OK
sketch       office        0.8  30 3.0   329   1974   573   32  25.8  10.00  0.090  25.4    309   4.4   24.3  0.013   38.3  25.1   11  OK
sketch       office        1.0  30 3.0   263   1579   606   33  26.8  10.00  0.094  31.7    248   4.4   31.4  0.013   39.6  24.7   11  heat
sketch       office        0.5  60 3.0  1053   6316   521   22  11.5  10.00  0.040   7.9    999   4.3    3.4  0.006   17.3  37.5   11  diffraction
sketch       office        0.8  60 3.0   658   3947   573   23  12.8  10.00  0.045  12.6    623   4.4    6.0  0.006   19.1  35.6   11  diffraction
sketch       office        1.0  60 3.0   526   3158   606   23  13.3  10.00  0.047  15.8    499   4.4    7.8  0.007   19.8  35.0   11  heat,diffraction
film_density still         0.5  30 4.6  2169  13012   433   28  18.9  10.00  0.066  10.3    759  17.1   14.9  0.076   57.5  29.3   11  OK
film_density still         0.8  30 4.6  1355   8133   489   28  19.5  10.00  0.068  16.5    475  17.1   24.5  0.079   59.3  28.8   11  OK
film_density still         1.0  30 4.6  1084   6506   525   28  19.7  10.00  0.069  20.7    380  17.1   30.9  0.079   59.8  28.7   11  OK
film_density still         0.5  60 4.6  4337  26024   433   20   9.5  10.00  0.033   5.2   1517  17.2    3.9  0.040   29.9  41.4   11  diffraction
film_density still         0.8  60 4.6  2711  16265   489   20   9.8  10.00  0.034   8.3    948  17.2    6.2  0.040   29.9  40.7   11  diffraction
film_density still         1.0  60 4.6  2169  13012   525   20   9.9  10.00  0.035  10.4    758  17.2    7.8  0.040   29.9  40.6   11  diffraction
film_density home          0.5  30 4.6  2169  13012   443   27  18.2  10.00  0.064  10.3    759  17.1   14.4  0.074   55.5  29.8   11  OK
film_density home          0.8  30 4.6  1355   8133   498   28  19.1  10.00  0.067  16.5    475  17.1   24.0  0.077   57.9  29.2   11  OK
film_density home          1.0  30 4.6  1084   6506   534   28  19.4  10.00  0.068  20.7    380  17.1   30.3  0.078   58.7  29.0   11  OK
film_density home          0.5  60 4.6  4337  26024   443   19   9.1  10.00  0.032   5.2   1516  17.2    3.9  0.040   29.9  42.1   11  diffraction
film_density home          0.8  60 4.6  2711  16265   498   20   9.5  10.00  0.033   8.3    948  17.2    6.2  0.040   29.9  41.2   11  diffraction
film_density home          1.0  60 4.6  2169  13012   534   20   9.7  10.00  0.034  10.4    758  17.2    7.8  0.040   29.9  41.0   11  diffraction
film_density quiet_office  0.5  30 4.6  2169  13012   452   26  17.0  10.00  0.059  10.3    759  17.1   13.4  0.069   51.7  30.9   11  diffraction
film_density quiet_office  0.8  30 4.6  1355   8133   507   27  18.2  10.00  0.064  16.5    475  17.1   22.9  0.073   55.3  29.9   11  OK
film_density quiet_office  1.0  30 4.6  1084   6506   542   27  18.6  10.00  0.065  20.7    380  17.1   29.2  0.075   56.5  29.5   11  OK
film_density quiet_office  0.5  60 4.6  4337  26024   452   19   8.5  10.00  0.030   5.2   1516  17.2    3.9  0.040   29.9  43.6   11  diffraction
film_density quiet_office  0.8  60 4.6  2711  16265   507   19   9.1  10.00  0.032   8.3    948  17.2    6.2  0.040   29.9  42.2   11  diffraction
film_density quiet_office  1.0  60 4.6  2169  13012   542   19   9.3  10.00  0.033  10.4    758  17.2    7.8  0.040   29.9  41.7   11  diffraction
film_density office        0.5  30 4.6  2169  13012   521   25  15.1  10.00  0.053  10.3    759  17.2   11.9  0.061   46.0  32.7   11  diffraction
film_density office        0.8  30 4.6  1355   8133   573   26  16.8  10.00  0.059  16.5    475  17.1   21.1  0.068   51.0  31.1   11  diffraction
film_density office        1.0  30 4.6  1084   6506   606   27  17.5  10.00  0.061  20.7    380  17.1   27.3  0.070   52.8  30.5   11  heat,diffraction
film_density office        0.5  60 4.6  4337  26024   521   18   7.6  10.00  0.027   5.2   1514  17.2    3.9  0.040   29.9  46.2   11  diffraction
film_density office        0.8  60 4.6  2711  16265   573   18   8.4  10.00  0.029   8.3    946  17.2    6.2  0.040   29.9  43.9   11  diffraction
film_density office        1.0  60 4.6  2169  13012   606   19   8.7  10.00  0.031  10.4    758  17.2    7.8  0.040   29.9  43.1   11  heat,diffraction
