   a    U   Tu%  tau_p   v_s sig_x p_hit   flux/s   flight    g/h     col    room  duty  w_v   eff   Pspot  pupil  P_vis  Lwall    modes  lat
 2.5  0.2  0.10   0.09   0.9   1.0  0.38 1.63e+05 8.11e+05  0.046   175.5    1.83  0.30   20 0.031    93.0  0.167  0.185  0.202 4.73e+09  5.0
 2.5  0.2  0.30   0.09   0.9   3.0  0.13 4.71e+05 2.35e+06  0.132   507.7    5.29  0.30   20 0.031    93.0  0.167  0.185  0.202 4.73e+09  5.0
 2.5  0.3  0.10   0.09   0.9   1.0  0.38 1.63e+05 5.42e+05  0.046   117.2    1.83  0.20   20 0.031   139.3  0.167  0.185  0.202 4.73e+09  3.3
 2.5  0.3  0.30   0.09   0.9   3.0  0.13 4.71e+05 1.57e+06  0.132   339.0    5.29  0.20   20 0.031   139.3  0.167  0.185  0.202 4.73e+09  3.3
 5.0  0.2  0.10   0.37   3.6   1.0  0.38 1.63e+05 8.00e+05  0.366  1385.4   14.62  0.29   20 0.118    24.7  0.044  0.048  0.048 4.73e+09  4.9
 5.0  0.2  0.30   0.37   3.6   3.0  0.13 4.71e+05 2.32e+06  1.057  4007.8   42.30  0.29   20 0.118    24.7  0.044  0.048  0.048 4.73e+09  4.9
 5.0  0.3  0.10   0.37   3.6   1.0  0.38 1.63e+05 5.37e+05  0.366   929.0   14.62  0.20   20 0.118    36.8  0.044  0.048  0.048 4.73e+09  3.3
 5.0  0.3  0.30   0.37   3.6   3.0  0.13 4.71e+05 1.55e+06  1.057  2687.6   42.30  0.20   20 0.118    36.8  0.044  0.048  0.048 4.73e+09  3.3
10.0  0.2  0.10   1.46  14.3   1.0  0.38 1.63e+05 7.60e+05  2.924 10527.3  116.97  0.28   25 0.274    11.1  0.019  0.021  0.017 3.03e+09  4.7
10.0  0.2  0.30   1.46  14.3   3.0  0.13 4.71e+05 2.20e+06  8.459 30454.2  338.38  0.28   25 0.274    11.1  0.019  0.021  0.017 3.03e+09  4.7
10.0  0.3  0.10   1.46  14.3   1.0  0.38 1.63e+05 5.18e+05  2.924  7178.2  116.97  0.19   25 0.274    16.3  0.019  0.021  0.017 3.03e+09  3.2
10.0  0.3  0.30   1.46  14.3   3.0  0.13 4.71e+05 1.50e+06  8.459 20765.7  338.38  0.19   25 0.274    16.3  0.019  0.021  0.017 3.03e+09  3.2
15.0  0.2  0.10   3.29  32.2   1.0  0.38 1.63e+05 7.02e+05  9.869 32788.8  394.77  0.26   38 0.274    12.1  0.019  0.021  0.017 1.34e+09  4.3
15.0  0.2  0.30   3.29  32.2   3.0  0.13 4.71e+05 2.03e+06 28.551 94854.3 1142.02  0.26   38 0.274    12.1  0.019  0.021  0.017 1.34e+09  4.3
15.0  0.3  0.10   3.29  32.2   1.0  0.38 1.63e+05 4.90e+05  9.869 22920.0  394.77  0.18   38 0.274    17.3  0.019  0.021  0.017 1.34e+09  3.0
15.0  0.3  0.30   3.29  32.2   3.0  0.13 4.71e+05 1.42e+06 28.551 66305.1 1142.02  0.18   38 0.274    17.3  0.019  0.021  0.017 1.34e+09  3.0
25.0  0.2  0.10   9.13  89.6   1.0  0.38 1.63e+05 5.63e+05 45.691 121746.8 1827.63  0.21   62 0.274    15.1  0.019  0.021  0.017 4.84e+08  3.5
25.0  0.2  0.30   9.13  89.6   3.0  0.13 4.71e+05 1.63e+06 132.178 352199.8 5287.14  0.21   62 0.274    15.1  0.019  0.021  0.017 4.84e+08  3.5
25.0  0.3  0.10   9.13  89.6   1.0  0.38 1.63e+05 4.18e+05 45.691 90495.9 1827.63  0.15   62 0.274    20.3  0.019  0.021  0.017 4.84e+08  2.6
25.0  0.3  0.30   9.13  89.6   3.0  0.13 4.71e+05 1.21e+06 132.178 261794.5 5287.14  0.15   62 0.274    20.3  0.019  0.021  0.017 4.84e+08  2.6
