   a   rho      U    Re  tau_p tau_th    du  Ptrim skin    dT  drift  Ppeak  Epulse dTkick  D*th beams   w_v modes/hd   hand/du
  20   300  0.014  0.04    1.5    1.2  0.13  0.005   ok   0.2     13   0.01   0.001   12.8  14.8     1   247  7.8e+06  273-781 
  20   300  0.014  0.04    1.5    1.2  0.09  0.004   ok   0.1      9   0.00   0.000    8.5  14.8     1   247  7.8e+06  410-1171
  30   300  0.031  0.12    3.3    2.8  0.31  0.030   ok   0.6     31   0.03   0.003   20.9   9.9     1   370  3.5e+06  111-319 
  30   300  0.031  0.12    3.3    2.8  0.22  0.021   ok   0.4     22   0.02   0.002   14.6   9.9     1   370  3.5e+06  159-455 
  40   300  0.054  0.29    5.9    4.9  0.60  0.101   ok   1.5     60   0.10   0.010   29.8   7.4     1   493  1.9e+06   59-167 
  40   300  0.054  0.29    5.9    4.9  0.43  0.074   ok   1.1     43   0.07   0.007   21.7   7.4     1   493  1.9e+06   81-230 
  60   300  0.114  0.91   13.3   11.1  1.48  0.566   ok   5.5    148   0.57   0.057   49.3   4.9     1   740  8.6e+05   24-67  
  60   300  0.114  0.91   13.3   11.1  1.14  0.435   ok   4.2    114   0.44   0.044   38.0   4.9     1   740  8.6e+05   31-88  
  20   600  0.028  0.07    2.9    2.5  0.25  0.011   ok   0.3     25   0.01   0.001   12.7  14.8     1   247  7.8e+06  138-394 
  20   600  0.028  0.07    2.9    2.5  0.17  0.007   ok   0.2     17   0.01   0.001    8.4  14.8     1   247  7.8e+06  207-591 
  30   600  0.062  0.24    6.6    5.5  0.62  0.059   ok   1.1     62   0.06   0.006   20.5   9.9     1   370  3.5e+06   57-163 
  30   600  0.062  0.24    6.6    5.5  0.43  0.041   ok   0.8     43   0.04   0.004   14.3   9.9     1   370  3.5e+06   81-232 
  40   600  0.105  0.56   11.8    9.8  1.16  0.196   ok   2.8    116   0.20   0.020   28.8   7.4     1   493  1.9e+06   30-87  
  40   600  0.105  0.56   11.8    9.8  0.84  0.143   ok   2.1     84   0.14   0.014   21.0   7.4     1   493  1.9e+06   42-119 
  60   600  0.214  1.70   26.5   22.2  2.78  1.061    X  10.2    278   1.06   0.106   46.3   4.9     1   740  8.6e+05   13-36  
  60   600  0.214  1.70   26.5   22.2  2.14  0.817    X   7.9    214   0.82   0.082   35.6   4.9     1   740  8.6e+05   16-47  
  20  1200  0.056  0.15    5.9    4.9  0.50  0.021   ok   0.6     50   0.02   0.002   12.5  14.8     1   247  7.8e+06   70-200 
  20  1200  0.056  0.15    5.9    4.9  0.33  0.014   ok   0.4     33   0.01   0.001    8.3  14.8     1   247  7.8e+06  105-300 
  30  1200  0.119  0.47   13.3   11.1  1.19  0.114   ok   2.2    119   0.11   0.011   19.9   9.9     1   370  3.5e+06   29-84  
  30  1200  0.119  0.47   13.3   11.1  0.84  0.080   ok   1.5     84   0.08   0.008   13.9   9.9     1   370  3.5e+06   42-120 
  40  1200  0.200  1.06   23.6   19.7  2.20  0.373   ok   5.4    220   0.37   0.037   27.5   7.4     1   493  1.9e+06   16-45  
  40  1200  0.200  1.06   23.6   19.7  1.60  0.271   ok   3.9    160   0.27   0.027   20.0   7.4     1   493  1.9e+06   22-62  
  60  1200  0.392  3.12   53.0   44.3  5.09  1.945    X  18.8    509   1.94   0.194   42.4   4.9     1   740  8.6e+05    7-20  
  60  1200  0.392  3.12   53.0   44.3  3.92  1.496    X  14.4    392   1.50   0.150   32.6   4.9     1   740  8.6e+05    9-26  
