self-check: bare-hand wake sigma 0.060 -> simulated 0.0595 m/s after 0.5 s (tau_eta 83 ms, T_L 556 ms)
regime             f_cam  sig  N  tau tau_eta    T_L  err p50/p90 um hit 40um hit 70um
core Tu 1 %         1000    5  5  4.0 13856.4  26667   11.6/21.1       1.000    1.000
core Tu 1 %         1000   10  5  4.0 13856.4  26667   23.2/42.1       0.878    0.998
core Tu 1 %         1000    5  5  2.0 13856.4  26667    7.9/14.5       1.000    1.000
core Tu 1 %         2000    5  8  2.0 13856.4  26667    7.0/12.8       1.000    1.000
core Tu 1 %          500    5  4  6.0 13856.4  26667   12.2/22.3       0.999    1.000
core Tu 1 %         1000    5 10  4.0 13856.4  26667    5.8/10.6       1.000    1.000
core Tu 10 %        1000    5  5  4.0   438.2   2667   11.2/20.8       1.000    1.000
core Tu 10 %        1000   10  5  4.0   438.2   2667   22.6/42.4       0.876    0.998
core Tu 10 %        1000    5  5  2.0   438.2   2667    7.9/14.1       1.000    1.000
core Tu 10 %        2000    5  8  2.0   438.2   2667    7.1/12.9       1.000    1.000
core Tu 10 %         500    5  4  6.0   438.2   2667   12.1/22.1       1.000    1.000
core Tu 10 %        1000    5 10  4.0   438.2   2667    5.8/10.6       1.000    1.000
gloved-hand wake    1000    5  5  4.0   235.7   1111   11.5/21.1       1.000    1.000
gloved-hand wake    1000   10  5  4.0   235.7   1111   23.3/41.9       0.870    0.999
gloved-hand wake    1000    5  5  2.0   235.7   1111    7.9/14.1       1.000    1.000
gloved-hand wake    2000    5  8  2.0   235.7   1111    7.3/13.0       1.000    1.000
gloved-hand wake     500    5  4  6.0   235.7   1111   12.3/23.2       0.999    1.000
gloved-hand wake    1000    5 10  4.0   235.7   1111    6.3/11.2       1.000    1.000
bare-hand wake      1000    5  5  4.0    83.3    556   12.7/23.7       0.999    1.000
bare-hand wake      1000   10  5  4.0    83.3    556   23.5/43.1       0.863    0.998
bare-hand wake      1000    5  5  2.0    83.3    556    8.1/14.8       1.000    1.000
bare-hand wake      2000    5  8  2.0    83.3    556    7.3/13.5       1.000    1.000
bare-hand wake       500    5  4  6.0    83.3    556   17.4/31.4       0.977    1.000
bare-hand wake      1000    5 10  4.0    83.3    556   11.8/21.3       1.000    1.000
near wake (stress)   1000    5  5  4.0    34.2    167   23.5/42.6       0.869    0.998
near wake (stress)   1000   10  5  4.0    34.2    167   30.3/55.2       0.695    0.973
near wake (stress)   1000    5  5  2.0    34.2    167   11.5/21.1       1.000    1.000
near wake (stress)   2000    5  8  2.0    34.2    167   10.6/19.1       1.000    1.000
near wake (stress)    500    5  4  6.0    34.2    167   46.7/84.9       0.399    0.791
near wake (stress)   1000    5 10  4.0    34.2    167   38.6/69.9       0.529    0.900
near wake (extreme)   1000    5  5  4.0    17.3     67   56.2/103.9      0.300    0.652
near wake (extreme)   1000   10  5  4.0    17.3     67   59.2/108.7      0.273    0.618
near wake (extreme)   1000    5  5  2.0    17.3     67   24.5/44.3       0.850    0.996
near wake (extreme)   2000    5  8  2.0    17.3     67   22.5/41.0       0.889    0.999
near wake (extreme)    500    5  4  6.0    17.3     67  118.6/217.6      0.075    0.205
near wake (extreme)   1000    5 10  4.0    17.3     67   97.9/184.1      0.103    0.289
