{
 "cams": [
  {
   "range_m": 2.000607536270828,
   "depth_half_m": 0.17407035104303703,
   "A_for_coc_0.5mm_mm": 5.746548807086048,
   "e_per_crossing_0.5mm": 228.21006253184376,
   "A_for_coc_1.0mm_mm": 11.493097614172097,
   "e_per_crossing_1.0mm": 912.840250127375,
   "coc_at_35mm_mm": 3.045306076304584
  },
  {
   "range_m": 1.9752726280185096,
   "depth_half_m": 0.1737891713385904,
   "A_for_coc_0.5mm_mm": 5.682956575499519,
   "e_per_crossing_0.5mm": 228.94911833514226,
   "A_for_coc_1.0mm_mm": 11.365913150999038,
   "e_per_crossing_1.0mm": 915.796473340569,
   "coc_at_35mm_mm": 3.079383023169026
  },
  {
   "range_m": 1.9396283182079257,
   "depth_half_m": 0.16092309907758506,
   "A_for_coc_0.5mm_mm": 6.026568992661464,
   "e_per_crossing_0.5mm": 267.02235689341916,
   "A_for_coc_1.0mm_mm": 12.053137985322929,
   "e_per_crossing_1.0mm": 1068.0894275736766,
   "coc_at_35mm_mm": 2.9038081238777322
  }
 ],
 "fill_b0.44mm": {
  "cont_th0": {
   "fill": 0.29588333333333333,
   "frac_len_in_gaps_gt10mm": 0.678
  },
  "gated_th0": {
   "fill": 0.11408333333333331,
   "frac_len_in_gaps_gt10mm": 0.7188666666666667
  },
  "cont_th90": {
   "fill": 0.2072,
   "frac_len_in_gaps_gt10mm": 0.08501666666666666
  },
  "gated_th90": {
   "fill": 0.05103333333333333,
   "frac_len_in_gaps_gt10mm": 0.7397666666666666
  }
 },
 "vertical_stretched_flash": {
  "t_flash_ms": 11.584330168855587,
  "E_uJ": 15.450000000000001,
  "E_over_AEL1": 0.6250679747871516
 },
 "simult_spots_stretched_vertical": 172.7362640138394,
 "rain_x5.9": {
  "mass_mg_m3": 330.7012291771239,
  "g_h": 197.31886632665748,
  "tau_pct": 3.7297131110201938,
  "contrast_dark_wall_pct": 67.13483599836347
 },
 "rain_x4.2": {
  "mass_mg_m3": 234.24670400046273,
  "g_h": 139.7675303147157,
  "tau_pct": 2.6418801203059705,
  "contrast_dark_wall_pct": 47.55384216550747
 }
}
