accent         ideal       single   phosphor:cyan_ a=5.0 R=0.3 v=0.37 N=115 ch=115 w_t=3.2 w_p=0.8 um trap 0.04 W
accent         AOL_100kHz  single   phosphor:cyan_ a=5.0 R=0.3 v=0.37 N=115 ch=115 w_t=3.2 w_p=0.8 um trap 0.04 W
accent         20kHz       single   phosphor:cyan_ a=5.0 R=0.3 v=0.37 N=115 ch=115 w_t=3.2 w_p=0.9 um trap 0.04 W
accent         MEMS_5kHz   single   phosphor:cyan_ a=5.0 R=0.3 v=0.37 N=115 ch=115 w_t=3.4 w_p=1.7 um trap 0.04 W
sketch         ideal       single   phosphor:cyan_ a=5.0 R=0.3 v=0.37 N=575 ch=575 w_t=3.2 w_p=0.8 um trap 0.18 W
sketch         AOL_100kHz  single   phosphor:cyan_ a=5.0 R=0.3 v=0.37 N=575 ch=575 w_t=3.2 w_p=0.8 um trap 0.18 W
sketch         20kHz       single   phosphor:cyan_ a=5.0 R=0.3 v=0.37 N=575 ch=575 w_t=3.2 w_p=0.9 um trap 0.18 W
sketch         MEMS_5kHz   single   phosphor:cyan_ a=5.0 R=0.3 v=0.37 N=575 ch=575 w_t=3.4 w_p=1.7 um trap 0.19 W
film_contrast  ideal       single   phosphor:cyan_ a=5.0 R=0.3 v=0.37 N=1035 ch=1035 w_t=3.2 w_p=0.8 um trap 0.33 W
film_contrast  AOL_100kHz  single   phosphor:cyan_ a=5.0 R=0.3 v=0.37 N=1035 ch=1035 w_t=3.2 w_p=0.8 um trap 0.33 W
film_contrast  20kHz       single   phosphor:cyan_ a=5.0 R=0.3 v=0.37 N=1035 ch=1035 w_t=3.2 w_p=0.9 um trap 0.33 W
film_contrast  MEMS_5kHz   single   phosphor:cyan_ a=5.0 R=0.3 v=0.37 N=1035 ch=1035 w_t=3.4 w_p=1.7 um trap 0.33 W
film_density   ideal       single   phosphor:cyan_ a=5.0 R=0.3 v=0.37 N=3451 ch=3451 w_t=3.2 w_p=0.8 um trap 1.10 W
film_density   AOL_100kHz  single   phosphor:cyan_ a=5.0 R=0.3 v=0.37 N=3451 ch=3451 w_t=3.2 w_p=0.8 um trap 1.10 W
film_density   20kHz       single   phosphor:cyan_ a=5.0 R=0.3 v=0.37 N=3451 ch=3451 w_t=3.2 w_p=0.9 um trap 1.10 W
film_density   MEMS_5kHz   single   phosphor:cyan_ a=5.0 R=0.3 v=0.37 N=3451 ch=3451 w_t=3.4 w_p=1.7 um trap 1.11 W
film_exact     ideal       push6    uc:Er_green_re a=5.0 R=0.15 v=0.24 N=5393 ch=32356 w_t=6.4 w_p=4.1 um trap 1.61 W
film_exact     AOL_100kHz  push6    uc:Er_green_re a=5.0 R=0.15 v=0.24 N=5393 ch=32356 w_t=6.4 w_p=4.1 um trap 1.61 W
film_exact     20kHz       push6    uc:Er_green_re a=5.0 R=0.15 v=0.24 N=5393 ch=32356 w_t=6.4 w_p=4.1 um trap 1.61 W
film_exact     MEMS_5kHz   push6    uc:Er_green_re a=5.0 R=0.15 v=0.24 N=5393 ch=32356 w_t=6.4 w_p=4.1 um trap 1.61 W
