accent         ideal       push4    phosphor:cyan_ a=1.0 R=0.15 v=1.14 N=38 ch=151 w_t=6.4 w_p=1.7 um trap 0.06 W
accent         AOL_100kHz  push4    phosphor:cyan_ a=1.0 R=0.15 v=1.14 N=38 ch=151 w_t=6.4 w_p=1.7 um trap 0.06 W
accent         20kHz       push4    phosphor:cyan_ a=1.0 R=0.15 v=1.14 N=38 ch=151 w_t=6.4 w_p=1.7 um trap 0.06 W
accent         MEMS_5kHz   lateral2 phosphor:cyan_ a=2.5 R=0.15 v=0.47 N=92 ch=184 w_t=6.4 w_p=2.0 um trap 0.07 W
sketch         ideal       push4    phosphor:cyan_ a=1.0 R=0.15 v=1.14 N=188 ch=754 w_t=6.4 w_p=1.7 um trap 0.30 W
sketch         AOL_100kHz  push4    phosphor:cyan_ a=1.0 R=0.15 v=1.14 N=188 ch=754 w_t=6.4 w_p=1.7 um trap 0.30 W
sketch         20kHz       push4    phosphor:cyan_ a=1.0 R=0.15 v=1.14 N=188 ch=754 w_t=6.4 w_p=1.7 um trap 0.30 W
sketch         MEMS_5kHz   lateral2 phosphor:cyan_ a=2.5 R=0.15 v=0.47 N=460 ch=920 w_t=6.4 w_p=2.0 um trap 0.33 W
film_contrast  ideal       push4    phosphor:cyan_ a=1.0 R=0.15 v=1.14 N=339 ch=1357 w_t=6.4 w_p=1.7 um trap 0.54 W
film_contrast  AOL_100kHz  push4    phosphor:cyan_ a=1.0 R=0.15 v=1.14 N=339 ch=1357 w_t=6.4 w_p=1.7 um trap 0.54 W
film_contrast  20kHz       push4    phosphor:cyan_ a=1.0 R=0.15 v=1.14 N=339 ch=1357 w_t=6.4 w_p=1.7 um trap 0.54 W
film_contrast  MEMS_5kHz   lateral2 phosphor:cyan_ a=2.5 R=0.15 v=0.47 N=828 ch=1657 w_t=6.4 w_p=2.0 um trap 0.60 W
film_density   ideal       push4    phosphor:cyan_ a=1.0 R=0.15 v=1.14 N=1131 ch=4524 w_t=6.4 w_p=1.7 um trap 1.81 W
film_density   AOL_100kHz  push4    phosphor:cyan_ a=1.0 R=0.15 v=1.14 N=1131 ch=4524 w_t=6.4 w_p=1.7 um trap 1.81 W
film_density   20kHz       push4    phosphor:cyan_ a=1.0 R=0.15 v=1.14 N=1131 ch=4524 w_t=6.4 w_p=1.7 um trap 1.81 W
film_density   MEMS_5kHz   lateral2 phosphor:cyan_ a=2.5 R=0.15 v=0.47 N=2761 ch=5522 w_t=6.4 w_p=2.0 um trap 1.99 W
film_exact     ideal       push6    uc:Er_green_re a=5.0 R=0.15 v=0.24 N=5393 ch=32356 w_t=6.4 w_p=4.1 um trap 1.61 W
film_exact     AOL_100kHz  push6    uc:Er_green_re a=5.0 R=0.15 v=0.24 N=5393 ch=32356 w_t=6.4 w_p=4.1 um trap 1.61 W
film_exact     20kHz       push6    uc:Er_green_re a=5.0 R=0.15 v=0.24 N=5393 ch=32356 w_t=6.4 w_p=4.1 um trap 1.61 W
film_exact     MEMS_5kHz   push6    uc:Er_green_re a=5.0 R=0.15 v=0.24 N=5393 ch=32356 w_t=6.4 w_p=4.1 um trap 1.61 W
